
SYMBOLS BY NAME

    5e78 ISR        _ADC12_ISR          
    614c CODE       _ADC12_Setup        
    1c0a IDATA0     _A_flag             
    61b2 CODE       _SetVcoreUp         
    618a CODE       _TA1_Setup          
    619e CODE       _TB0_Setup          
    5cdc ISR        _TIMER0B0_ISR       
    5ccc ISR        _TIMER1A0_ISR       
    1c2c UDATA0     _TXbuf              
    1c08 IDATA0     _TXbufLen           
    1c06 IDATA0     _TXbufPos           
    5c00 ISR        _UART_ISR           
    6204 CODE       _UARTparse          
    612a CODE       _UARTsetup          
    603d CONST      ___RAL_hex_lc       
    602d CONST      ___RAL_hex_uc       
    7648 CODE       ___RAL_pow10        
    7706 CODE       ___RAL_pre_padding  
    76e8 CODE       ___RAL_print_padding
    800a CODE       ___RAL_read_tp      
    1c00            ___RAM_Address      
    4000            ___RAM_Size         
    1c00            ___begin_IDATA0     
    1c60            ___begin_THREAD     
    1c18            ___begin_UDATA0     
     4c0            ___crt_mpy          
     4d2            ___crt_mpy32h       
     4d0            ___crt_mpy32l       
     4c8            ___crt_op2          
     4e2            ___crt_op2h         
     4e0            ___crt_op2l         
     4e8            ___crt_res2         
     4ea            ___crt_res3         
     4ca            ___crt_reslo        
    1c18            ___end_IDATA0       
    1c62            ___end_THREAD       
    1c60            ___end_UDATA0       
    7740 CODE       ___errno            
    79fa CODE       ___float32_add      
    7bd0 CODE       ___float32_div      
    7caa CODE       ___float32_eq       
    77e2 CODE       ___float32_isinf    
    77fc CODE       ___float32_isnan    
    7c8e CODE       ___float32_lt       
    7af8 CODE       ___float32_mul      
    6066 CONST      ___float32_nan      
    7814 CODE       ___float32_signbit  
    7aec CODE       ___float32_sub      
    7948 CODE       ___float32_to_int64 
    74d8 CODE       ___int16_div        
    74fe CODE       ___int16_mod        
    7524 CODE       ___int16_mul        
    753a CODE       ___int64_lsl        
    754c CODE       ___int64_lsr        
    769e CODE       ___putc             
    75cc CODE       ___uint16_div       
    75e4 CODE       ___uint64_div       
    760c CODE       ___uint64_divmod    
    75ac CODE       ___uint64_mod       
    7824 CODE       ___uint64_to_float32
    1c5e UDATA0     ___user_format_extender
    629e CODE       ___vfprintf         
    629e CODE       ___vfprintf_float_long_long
    7730 CODE       _abs                
    1c0c IDATA0     _accel_x            
    1c0e IDATA0     _accel_y            
    1c10 IDATA0     _accel_z            
    608a CODE       _clockSetup         
    1c02 IDATA0     _count              
    1c16 IDATA0     _current_channel    
    1c00 IDATA0     _dataflag           
    1c14 IDATA0     _eda_var            
    7fa4 CODE       _fabsf              
    7d50 CODE       _floor              
    7d50 CODE       _floorf             
    7e20 CODE       _fmod               
    7e20 CODE       _fmodf              
    7fe6 CODE       _frexp              
    1c18 UDATA0     _input              
    1c04 IDATA0     _inputPnt           
    7faa CODE       _ldexp              
    606a CODE       _main               
    77b2 CODE       _memcpy             
    77c2 CODE       _memset             
    7cba CODE       _modff              
    60e4 CODE       _pinSetup           
    1c12 IDATA0     _ppg_var            
    774a CODE       _snprintf           
    7778 CODE       _strcmp             
    77d2 CODE       _strlen             
    7798 CODE       _strnlen            
    5f68 CONST      thread_init_begin   
    5f6a CONST      thread_init_end     


SYMBOLS BY VALUE

     4c0            ___crt_mpy          
     4c8            ___crt_op2          
     4ca            ___crt_reslo        
     4d0            ___crt_mpy32l       
     4d2            ___crt_mpy32h       
     4e0            ___crt_op2l         
     4e2            ___crt_op2h         
     4e8            ___crt_res2         
     4ea            ___crt_res3         
    1c00 IDATA0     _dataflag           
    1c00            ___RAM_Address      
    1c00            ___begin_IDATA0     
    1c02 IDATA0     _count              
    1c04 IDATA0     _inputPnt           
    1c06 IDATA0     _TXbufPos           
    1c08 IDATA0     _TXbufLen           
    1c0a IDATA0     _A_flag             
    1c0c IDATA0     _accel_x            
    1c0e IDATA0     _accel_y            
    1c10 IDATA0     _accel_z            
    1c12 IDATA0     _ppg_var            
    1c14 IDATA0     _eda_var            
    1c16 IDATA0     _current_channel    
    1c18            ___begin_UDATA0     
    1c18            ___end_IDATA0       
    1c18 UDATA0     _input              
    1c2c UDATA0     _TXbuf              
    1c5e UDATA0     ___user_format_extender
    1c60            ___begin_THREAD     
    1c60            ___end_UDATA0       
    1c62            ___end_THREAD       
    4000            ___RAM_Size         
    5c00 ISR        _UART_ISR           
    5ccc ISR        _TIMER1A0_ISR       
    5cdc ISR        _TIMER0B0_ISR       
    5e78 ISR        _ADC12_ISR          
    5f68 CONST      thread_init_begin   
    5f6a CONST      thread_init_end     
    602d CONST      ___RAL_hex_uc       
    603d CONST      ___RAL_hex_lc       
    6066 CONST      ___float32_nan      
    606a CODE       _main               
    608a CODE       _clockSetup         
    60e4 CODE       _pinSetup           
    612a CODE       _UARTsetup          
    614c CODE       _ADC12_Setup        
    618a CODE       _TA1_Setup          
    619e CODE       _TB0_Setup          
    61b2 CODE       _SetVcoreUp         
    6204 CODE       _UARTparse          
    629e CODE       ___vfprintf_float_long_long
    629e CODE       ___vfprintf         
    74d8 CODE       ___int16_div        
    74fe CODE       ___int16_mod        
    7524 CODE       ___int16_mul        
    753a CODE       ___int64_lsl        
    754c CODE       ___int64_lsr        
    75ac CODE       ___uint64_mod       
    75cc CODE       ___uint16_div       
    75e4 CODE       ___uint64_div       
    760c CODE       ___uint64_divmod    
    7648 CODE       ___RAL_pow10        
    769e CODE       ___putc             
    76e8 CODE       ___RAL_print_padding
    7706 CODE       ___RAL_pre_padding  
    7730 CODE       _abs                
    7740 CODE       ___errno            
    774a CODE       _snprintf           
    7778 CODE       _strcmp             
    7798 CODE       _strnlen            
    77b2 CODE       _memcpy             
    77c2 CODE       _memset             
    77d2 CODE       _strlen             
    77e2 CODE       ___float32_isinf    
    77fc CODE       ___float32_isnan    
    7814 CODE       ___float32_signbit  
    7824 CODE       ___uint64_to_float32
    7948 CODE       ___float32_to_int64 
    79fa CODE       ___float32_add      
    7aec CODE       ___float32_sub      
    7af8 CODE       ___float32_mul      
    7bd0 CODE       ___float32_div      
    7c8e CODE       ___float32_lt       
    7caa CODE       ___float32_eq       
    7cba CODE       _modff              
    7d50 CODE       _floor              
    7d50 CODE       _floorf             
    7e20 CODE       _fmodf              
    7e20 CODE       _fmod               
    7fa4 CODE       _fabsf              
    7faa CODE       _ldexp              
    7fe6 CODE       _frexp              
    800a CODE       ___RAL_read_tp      
